// Vitest Snapshot v1, https://vitest.dev/guide/snapshot.html

exports[`toBubbleMessage() > returns LINE bubble message payload 1`] = `
{
  "altText": "Bible Reading Plan for 2025-01-01",
  "contents": {
    "body": {
      "contents": [
        {
          "backgroundColor": "#C7CADA",
          "contents": [
            {
              "contents": [
                {
                  "contents": [
                    {
                      "align": "center",
                      "offsetBottom": "none",
                      "offsetStart": "none",
                      "offsetTop": "25px",
                      "size": "lg",
                      "text": "讚",
                      "type": "text",
                    },
                    {
                      "align": "center",
                      "offsetTop": "45px",
                      "size": "lg",
                      "text": "美",
                      "type": "text",
                    },
                  ],
                  "layout": "vertical",
                  "type": "box",
                },
                {
                  "color": "#8c8c8c",
                  "flex": 9,
                  "gravity": "center",
                  "margin": "xxl",
                  "size": "xs",
                  "text": "你們要稱謝耶和華, 因為祂是美善的, 祂的慈愛永遠長存!
(歷代志上 16:34 CCB)",
                  "type": "text",
                  "wrap": true,
                },
              ],
              "layout": "horizontal",
              "offsetTop": "xl",
              "type": "box",
            },
            {
              "align": "center",
              "color": "#FFFFFF",
              "size": "xs",
              "text": "───────────────────",
              "type": "text",
            },
          ],
          "cornerRadius": "md",
          "layout": "vertical",
          "paddingBottom": "none",
          "paddingTop": "none",
          "spacing": "lg",
          "type": "box",
        },
        {
          "backgroundColor": "#FFFFFF",
          "contents": [
            {
              "contents": [
                {
                  "contents": [
                    {
                      "align": "center",
                      "offsetBottom": "none",
                      "offsetStart": "none",
                      "offsetTop": "5px",
                      "size": "lg",
                      "text": "悔",
                      "type": "text",
                    },
                    {
                      "align": "center",
                      "offsetTop": "15px",
                      "size": "lg",
                      "text": "改",
                      "type": "text",
                    },
                  ],
                  "layout": "vertical",
                  "type": "box",
                },
                {
                  "color": "#8c8c8c",
                  "flex": 9,
                  "gravity": "center",
                  "margin": "xxl",
                  "size": "xs",
                  "text": "上帝啊，求你按你的慈愛恩待我！
按你極大的憐憫除去我 ___ 的過犯！
求你洗淨我的罪過，清除我的罪惡。求你讓我重新享受蒙你拯救的喜樂，賜我一個樂意順服你的心靈。",
                  "type": "text",
                  "wrap": true,
                },
              ],
              "layout": "horizontal",
              "offsetTop": "xl",
              "type": "box",
            },
            {
              "align": "center",
              "color": "#C7CADA",
              "size": "xs",
              "text": "───────────────────",
              "type": "text",
            },
          ],
          "cornerRadius": "md",
          "layout": "vertical",
          "margin": "xxl",
          "paddingBottom": "none",
          "paddingTop": "none",
          "spacing": "lg",
          "type": "box",
        },
        {
          "backgroundColor": "#C7CADA",
          "contents": [
            {
              "contents": [
                {
                  "contents": [
                    {
                      "margin": "none",
                      "offsetStart": "md",
                      "offsetTop": "30px",
                      "size": "lg",
                      "text": "反",
                      "type": "text",
                    },
                    {
                      "align": "start",
                      "offsetStart": "md",
                      "offsetTop": "40px",
                      "size": "lg",
                      "text": "思",
                      "type": "text",
                    },
                    {
                      "action": {
                        "data": "hello",
                        "label": "action",
                        "type": "postback",
                      },
                      "flex": 9,
                      "margin": "none",
                      "offsetStart": "50px",
                      "offsetTop": "30px",
                      "position": "absolute",
                      "size": "sm",
                      "text": "出埃及記 第八章",
                      "type": "text",
                      "wrap": true,
                    },
                    {
                      "align": "start",
                      "color": "#8c8c8c",
                      "flex": 9,
                      "gravity": "center",
                      "margin": "xs",
                      "offsetStart": "50px",
                      "size": "xs",
                      "text": "1. 你覺得神透過今天的經文對你說什麼呢?
2. 有什麼你可以做出的行動或改變呢?",
                      "type": "text",
                      "wrap": true,
                    },
                  ],
                  "layout": "vertical",
                  "type": "box",
                },
              ],
              "layout": "horizontal",
              "type": "box",
            },
            {
              "align": "center",
              "color": "#FFFFFF",
              "offsetBottom": "12px",
              "offsetStart": "10px",
              "size": "xs",
              "text": "───────────────────",
              "type": "text",
            },
          ],
          "cornerRadius": "md",
          "layout": "vertical",
          "margin": "xxl",
          "offsetTop": "none",
          "paddingBottom": "none",
          "paddingTop": "none",
          "spacing": "lg",
          "type": "box",
        },
        {
          "backgroundColor": "#FFFFFF",
          "contents": [
            {
              "contents": [
                {
                  "contents": [
                    {
                      "align": "center",
                      "offsetTop": "80px",
                      "size": "lg",
                      "text": "祈",
                      "type": "text",
                    },
                    {
                      "align": "center",
                      "offsetTop": "95px",
                      "size": "lg",
                      "text": "求",
                      "type": "text",
                    },
                  ],
                  "layout": "vertical",
                  "offsetBottom": "50px",
                  "type": "box",
                },
                {
                  "contents": [
                    {
                      "type": "filler",
                    },
                    {
                      "backgroundColor": "#E2E2E2",
                      "contents": [],
                      "height": "100px",
                      "layout": "vertical",
                      "offsetTop": "50px",
                      "type": "box",
                      "width": "2px",
                    },
                    {
                      "type": "filler",
                    },
                  ],
                  "flex": 1,
                  "layout": "horizontal",
                  "type": "box",
                },
                {
                  "color": "#8c8c8c",
                  "flex": 9,
                  "gravity": "center",
                  "margin": "xxl",
                  "size": "xs",
                  "text": "”神啊！我將我的，___ ， ___ ， ___ 交給祢，我相信祢在這些事上掌權。
『我們在天上的父：願人都尊你的名為聖。願你的國降臨；願你的旨意行在地上，如同行在天上。我們日用的飲食，今日賜給我們。免我們的債，如同我們免了人的債。不叫我們陷入試探；救我們脫離那惡者。因為國度、權柄、榮耀，全是你的，直到永遠。阿們！』”",
                  "type": "text",
                  "wrap": true,
                },
              ],
              "layout": "horizontal",
              "offsetTop": "xl",
              "type": "box",
            },
            {
              "align": "center",
              "color": "#C7CADA",
              "offsetStart": "10px",
              "size": "xs",
              "text": "───────────────────",
              "type": "text",
            },
          ],
          "cornerRadius": "md",
          "layout": "vertical",
          "offsetTop": "xxl",
          "paddingBottom": "none",
          "paddingTop": "none",
          "spacing": "lg",
          "type": "box",
        },
      ],
      "layout": "vertical",
      "type": "box",
    },
    "header": {
      "backgroundColor": "#FFCC32",
      "contents": [
        {
          "contents": [
            {
              "align": "center",
              "color": "#1D292E",
              "contents": [],
              "flex": 4,
              "offsetEnd": "7%",
              "offsetTop": "7%",
              "size": "xl",
              "text": "好好靈修",
              "type": "text",
              "weight": "regular",
            },
            {
              "align": "start",
              "margin": "none",
              "offsetBottom": "15%",
              "offsetStart": "6%",
              "text": "1/1",
              "type": "text",
            },
            {
              "align": "start",
              "offsetBottom": "9%",
              "offsetStart": "lg",
              "text": "星期三",
              "type": "text",
            },
            {
              "offsetBottom": "43%",
              "offsetStart": "70%",
              "text": "DAILY",
              "type": "text",
            },
            {
              "offsetBottom": "37%",
              "offsetStart": "70%",
              "text": "DEVOTION",
              "type": "text",
            },
            {
              "offsetBottom": "72%",
              "offsetStart": "60%",
              "size": "xxl",
              "text": "x",
              "type": "text",
            },
          ],
          "layout": "vertical",
          "type": "box",
        },
      ],
      "layout": "vertical",
      "paddingAll": "20px",
      "paddingTop": "22px",
      "spacing": "md",
      "type": "box",
    },
    "size": "giga",
    "type": "bubble",
  },
  "type": "flex",
}
`;
