// Vitest Snapshot v1, https://vitest.dev/guide/snapshot.html

exports[`toBubbleMessage() > returns LINE bubble message payload 1`] = `
{
  "altText": "Bible Reading Plan for 2025-01-01",
  "contents": {
    "body": {
      "contents": [
        {
          "offsetBottom": "md",
          "text": "1/1 星期三",
          "type": "text",
        },
        {
          "backgroundColor": "#C7CADA",
          "contents": [
            {
              "contents": [
                {
                  "alignItems": "center",
                  "contents": [
                    {
                      "size": "lg",
                      "text": "讚",
                      "type": "text",
                    },
                    {
                      "size": "lg",
                      "text": "美",
                      "type": "text",
                    },
                  ],
                  "flex": 1,
                  "justifyContent": "center",
                  "layout": "vertical",
                  "spacing": "xl",
                  "type": "box",
                },
                {
                  "color": "#1C1C1D",
                  "flex": 11,
                  "size": "xs",
                  "text": "你們要稱謝耶和華, 因為祂是美善的, 祂的慈愛永遠長存!
(歷代志上 16:34 CCB)",
                  "type": "text",
                  "wrap": true,
                },
              ],
              "layout": "horizontal",
              "paddingEnd": "md",
              "paddingStart": "md",
              "spacing": "lg",
              "type": "box",
            },
            {
              "backgroundColor": "#FFFFFFAA",
              "borderWidth": "light",
              "contents": [],
              "layout": "horizontal",
              "offsetEnd": "5%",
              "offsetStart": "5%",
              "type": "box",
              "width": "95%",
            },
          ],
          "cornerRadius": "md",
          "layout": "vertical",
          "paddingBottom": "md",
          "paddingTop": "lg",
          "spacing": "lg",
          "type": "box",
        },
        {
          "backgroundColor": "#FFFFFF",
          "contents": [
            {
              "contents": [
                {
                  "alignItems": "center",
                  "contents": [
                    {
                      "size": "lg",
                      "text": "悔",
                      "type": "text",
                    },
                    {
                      "size": "lg",
                      "text": "改",
                      "type": "text",
                    },
                  ],
                  "flex": 1,
                  "justifyContent": "center",
                  "layout": "vertical",
                  "spacing": "xl",
                  "type": "box",
                },
                {
                  "color": "#1C1C1D",
                  "flex": 11,
                  "size": "xs",
                  "text": "上帝啊，求你按你的慈愛恩待我！
按你極大的憐憫除去我 ___ 的過犯！
求你洗淨我的罪過，清除我的罪惡。求你讓我重新享受蒙你拯救的喜樂，賜我一個樂意順服你的心靈。",
                  "type": "text",
                  "wrap": true,
                },
              ],
              "layout": "horizontal",
              "paddingEnd": "md",
              "paddingStart": "md",
              "spacing": "lg",
              "type": "box",
            },
            {
              "backgroundColor": "#C7CADAAA",
              "borderWidth": "light",
              "contents": [],
              "layout": "horizontal",
              "offsetEnd": "5%",
              "offsetStart": "5%",
              "type": "box",
              "width": "95%",
            },
          ],
          "layout": "vertical",
          "paddingBottom": "md",
          "paddingTop": "lg",
          "spacing": "lg",
          "type": "box",
        },
        {
          "backgroundColor": "#C7CADA",
          "contents": [
            {
              "contents": [
                {
                  "alignItems": "center",
                  "contents": [
                    {
                      "size": "lg",
                      "text": "反",
                      "type": "text",
                    },
                    {
                      "align": "start",
                      "size": "lg",
                      "text": "思",
                      "type": "text",
                    },
                  ],
                  "flex": 1,
                  "justifyContent": "center",
                  "layout": "vertical",
                  "spacing": "xl",
                  "type": "box",
                },
                {
                  "contents": [
                    {
                      "size": "lg",
                      "text": "出埃及記 第八章",
                      "type": "text",
                      "weight": "bold",
                      "wrap": true,
                    },
                    {
                      "color": "#1C1C1D",
                      "flex": 9,
                      "size": "xs",
                      "text": "1. 你覺得神透過今天的經文對你說什麼呢?
2. 有什麼你可以做出的行動或改變呢?",
                      "type": "text",
                      "wrap": true,
                    },
                  ],
                  "flex": 11,
                  "layout": "vertical",
                  "paddingTop": "none",
                  "spacing": "md",
                  "type": "box",
                },
              ],
              "layout": "horizontal",
              "paddingEnd": "md",
              "paddingStart": "md",
              "spacing": "lg",
              "type": "box",
            },
            {
              "backgroundColor": "#FFFFFFAA",
              "borderWidth": "light",
              "contents": [],
              "layout": "horizontal",
              "offsetEnd": "5%",
              "offsetStart": "5%",
              "type": "box",
              "width": "95%",
            },
          ],
          "cornerRadius": "md",
          "layout": "vertical",
          "paddingBottom": "md",
          "paddingTop": "lg",
          "spacing": "lg",
          "type": "box",
        },
        {
          "backgroundColor": "#FFFFFF",
          "contents": [
            {
              "contents": [
                {
                  "alignItems": "center",
                  "contents": [
                    {
                      "size": "lg",
                      "text": "祈",
                      "type": "text",
                    },
                    {
                      "size": "lg",
                      "text": "求",
                      "type": "text",
                    },
                  ],
                  "flex": 1,
                  "justifyContent": "center",
                  "layout": "vertical",
                  "spacing": "xl",
                  "type": "box",
                },
                {
                  "contents": [
                    {
                      "color": "#1C1C1D",
                      "size": "xs",
                      "text": "”神啊！我將我的，___ ， ___ ， ___ 交給祢，我相信祢在這些事上掌權。",
                      "type": "text",
                      "wrap": true,
                    },
                    {
                      "contents": [
                        {
                          "contents": [
                            {
                              "borderColor": "#E2E2E299",
                              "borderWidth": "light",
                              "contents": [],
                              "layout": "vertical",
                              "type": "box",
                              "width": "1px",
                            },
                          ],
                          "flex": 1,
                          "layout": "horizontal",
                          "type": "box",
                        },
                        {
                          "color": "#1C1C1DAA",
                          "flex": 24,
                          "size": "xs",
                          "text": "『我們在天上的父：願人都尊你的名為聖。願你的國降臨；願你的旨意行在地上，如同行在天上。我們日用的飲食，今日賜給我們。免我們的債，如同我們免了人的債。不叫我們陷入試探；救我們脫離那惡者。因為國度、權柄、榮耀，全是你的，直到永遠。阿們！』”",
                          "type": "text",
                          "wrap": true,
                        },
                      ],
                      "layout": "horizontal",
                      "type": "box",
                    },
                  ],
                  "flex": 11,
                  "layout": "vertical",
                  "spacing": "md",
                  "type": "box",
                },
              ],
              "layout": "horizontal",
              "paddingEnd": "md",
              "paddingStart": "md",
              "spacing": "sm",
              "type": "box",
            },
            {
              "backgroundColor": "#C7CADAAA",
              "borderWidth": "light",
              "contents": [],
              "layout": "horizontal",
              "offsetEnd": "5%",
              "offsetStart": "5%",
              "type": "box",
              "width": "95%",
            },
          ],
          "layout": "vertical",
          "paddingBottom": "md",
          "paddingTop": "lg",
          "spacing": "lg",
          "type": "box",
        },
      ],
      "layout": "vertical",
      "type": "box",
    },
    "header": {
      "backgroundColor": "#FFCC32",
      "contents": [
        {
          "alignItems": "center",
          "contents": [
            {
              "align": "end",
              "color": "#1D292E",
              "flex": 2,
              "size": "xl",
              "text": "好好靈修",
              "type": "text",
              "weight": "bold",
            },
            {
              "align": "center",
              "size": "md",
              "text": "X",
              "type": "text",
            },
            {
              "contents": [
                {
                  "text": "DAILY",
                  "type": "text",
                  "weight": "bold",
                },
                {
                  "text": "DEVOTION",
                  "type": "text",
                  "weight": "bold",
                },
              ],
              "flex": 5,
              "layout": "vertical",
              "type": "box",
            },
          ],
          "layout": "horizontal",
          "type": "box",
        },
      ],
      "layout": "horizontal",
      "paddingAll": "20px",
      "spacing": "md",
      "type": "box",
    },
    "size": "giga",
    "type": "bubble",
  },
  "type": "flex",
}
`;
