// Vitest Snapshot v1, https://vitest.dev/guide/snapshot.html

exports[`toBubbleMessage() > returns LINE bubble message payload 1`] = `
{
  "altText": "Bible Reading Plan for 2025-01-01",
  "contents": {
    "body": {
      "contents": [
        {
          "backgroundColor": "#EEF0F4",
          "contents": [
            {
              "color": "#5D5D5D",
              "size": "md",
              "text": "1/1 星期三",
              "type": "text",
            },
            {
              "contents": [
                {
                  "alignItems": "flex-end",
                  "contents": [
                    {
                      "size": "lg",
                      "text": "讚",
                      "type": "text",
                      "weight": "bold",
                    },
                    {
                      "size": "lg",
                      "text": "美",
                      "type": "text",
                      "weight": "bold",
                    },
                  ],
                  "flex": 1,
                  "layout": "vertical",
                  "offsetBottom": "sm",
                  "type": "box",
                },
                {
                  "contents": [
                    {
                      "backgroundColor": "#1D292E",
                      "contents": [],
                      "cornerRadius": "30px",
                      "height": "12px",
                      "layout": "vertical",
                      "type": "box",
                      "width": "12px",
                    },
                    {
                      "contents": [
                        {
                          "backgroundColor": "#1D292E",
                          "contents": [],
                          "layout": "vertical",
                          "type": "box",
                          "width": "2px",
                        },
                      ],
                      "flex": 1,
                      "justifyContent": "center",
                      "layout": "horizontal",
                      "type": "box",
                    },
                  ],
                  "layout": "vertical",
                  "spacing": "sm",
                  "type": "box",
                  "width": "12px",
                },
                {
                  "contents": [
                    {
                      "color": "#5D5D5D",
                      "flex": 8,
                      "lineSpacing": "10px",
                      "size": "xs",
                      "text": "你們要稱謝耶和華, 因為祂是美善的, 祂的慈愛永遠長存!
歷代志上 16:34 CCB",
                      "type": "text",
                      "weight": "bold",
                      "wrap": true,
                    },
                  ],
                  "flex": 12,
                  "layout": "vertical",
                  "paddingBottom": "md",
                  "spacing": "md",
                  "type": "box",
                },
              ],
              "layout": "horizontal",
              "paddingBottom": "md",
              "paddingTop": "sm",
              "spacing": "lg",
              "type": "box",
            },
            {
              "contents": [
                {
                  "alignItems": "flex-end",
                  "contents": [
                    {
                      "size": "lg",
                      "text": "悔",
                      "type": "text",
                      "weight": "bold",
                    },
                    {
                      "size": "lg",
                      "text": "改",
                      "type": "text",
                      "weight": "bold",
                    },
                  ],
                  "flex": 1,
                  "layout": "vertical",
                  "offsetBottom": "sm",
                  "type": "box",
                },
                {
                  "contents": [
                    {
                      "backgroundColor": "#1D292E",
                      "contents": [],
                      "cornerRadius": "30px",
                      "height": "12px",
                      "layout": "vertical",
                      "type": "box",
                      "width": "12px",
                    },
                    {
                      "contents": [
                        {
                          "backgroundColor": "#1D292E",
                          "contents": [],
                          "layout": "vertical",
                          "type": "box",
                          "width": "2px",
                        },
                      ],
                      "flex": 1,
                      "justifyContent": "center",
                      "layout": "horizontal",
                      "type": "box",
                    },
                  ],
                  "layout": "vertical",
                  "spacing": "sm",
                  "type": "box",
                  "width": "12px",
                },
                {
                  "contents": [
                    {
                      "backgroundColor": "#1D292E",
                      "contents": [
                        {
                          "color": "#FFFFFF",
                          "flex": 8,
                          "gravity": "center",
                          "lineSpacing": "5px",
                          "size": "xs",
                          "text": "聖靈懇求祢在今天光照我在生命中，有沒有什麼是祢要我去做，但我沒有去做的事？
又有什麼是祢不喜悅我去做，但我卻行的事？",
                          "type": "text",
                          "wrap": true,
                        },
                      ],
                      "cornerRadius": "lg",
                      "flex": 8,
                      "layout": "vertical",
                      "paddingBottom": "md",
                      "paddingEnd": "xl",
                      "paddingStart": "xl",
                      "paddingTop": "md",
                      "type": "box",
                    },
                    {
                      "color": "#5D5D5D",
                      "flex": 8,
                      "gravity": "center",
                      "lineSpacing": "10px",
                      "size": "xs",
                      "text": "上帝啊，求你按你的慈愛恩待我！
按你極大的憐憫除去我 ___ 的過犯！
求你洗淨我的罪過，清除我的罪惡。求你讓我重新享受蒙你拯救的喜樂，賜我一個樂意順服你的心靈。",
                      "type": "text",
                      "wrap": true,
                    },
                  ],
                  "flex": 12,
                  "layout": "vertical",
                  "paddingBottom": "md",
                  "paddingTop": "sm",
                  "spacing": "md",
                  "type": "box",
                },
              ],
              "layout": "horizontal",
              "paddingBottom": "md",
              "paddingTop": "sm",
              "spacing": "lg",
              "type": "box",
            },
            {
              "contents": [
                {
                  "alignItems": "flex-end",
                  "contents": [
                    {
                      "size": "lg",
                      "text": "反",
                      "type": "text",
                      "weight": "bold",
                    },
                    {
                      "size": "lg",
                      "text": "思",
                      "type": "text",
                      "weight": "bold",
                    },
                  ],
                  "flex": 1,
                  "layout": "vertical",
                  "offsetBottom": "sm",
                  "type": "box",
                },
                {
                  "contents": [
                    {
                      "backgroundColor": "#1D292E",
                      "contents": [],
                      "cornerRadius": "30px",
                      "height": "12px",
                      "layout": "vertical",
                      "type": "box",
                      "width": "12px",
                    },
                    {
                      "contents": [
                        {
                          "backgroundColor": "#1D292E",
                          "contents": [],
                          "layout": "vertical",
                          "type": "box",
                          "width": "2px",
                        },
                      ],
                      "flex": 1,
                      "justifyContent": "center",
                      "layout": "horizontal",
                      "type": "box",
                    },
                  ],
                  "layout": "vertical",
                  "spacing": "sm",
                  "type": "box",
                  "width": "12px",
                },
                {
                  "contents": [
                    {
                      "color": "#5D5D5D",
                      "flex": 8,
                      "gravity": "center",
                      "lineSpacing": "10px",
                      "size": "lg",
                      "text": "出埃及記 第八章",
                      "type": "text",
                      "weight": "bold",
                      "wrap": true,
                    },
                    {
                      "backgroundColor": "#1D292E",
                      "contents": [
                        {
                          "color": "#FFFFFF",
                          "flex": 8,
                          "gravity": "center",
                          "lineSpacing": "5px",
                          "size": "xs",
                          "text": "1. 你覺得神透過今天的經文對你說什麼呢?
2. 有什麼你可以做出的行動或改變呢?",
                          "type": "text",
                          "wrap": true,
                        },
                      ],
                      "cornerRadius": "lg",
                      "flex": 8,
                      "layout": "vertical",
                      "paddingBottom": "md",
                      "paddingEnd": "xl",
                      "paddingStart": "xl",
                      "paddingTop": "md",
                      "type": "box",
                    },
                  ],
                  "flex": 12,
                  "layout": "vertical",
                  "paddingBottom": "md",
                  "spacing": "md",
                  "type": "box",
                },
              ],
              "layout": "horizontal",
              "paddingBottom": "md",
              "paddingTop": "sm",
              "spacing": "lg",
              "type": "box",
            },
            {
              "contents": [
                {
                  "alignItems": "flex-end",
                  "contents": [
                    {
                      "size": "lg",
                      "text": "祈",
                      "type": "text",
                      "weight": "bold",
                    },
                    {
                      "size": "lg",
                      "text": "求",
                      "type": "text",
                      "weight": "bold",
                    },
                  ],
                  "flex": 1,
                  "layout": "vertical",
                  "offsetBottom": "sm",
                  "type": "box",
                },
                {
                  "contents": [
                    {
                      "backgroundColor": "#1D292E",
                      "contents": [],
                      "cornerRadius": "30px",
                      "height": "12px",
                      "layout": "vertical",
                      "type": "box",
                      "width": "12px",
                    },
                    {
                      "contents": [
                        {
                          "backgroundColor": "#1D292E",
                          "contents": [],
                          "layout": "vertical",
                          "type": "box",
                          "width": "2px",
                        },
                      ],
                      "flex": 1,
                      "justifyContent": "center",
                      "layout": "horizontal",
                      "type": "box",
                    },
                  ],
                  "layout": "vertical",
                  "spacing": "sm",
                  "type": "box",
                  "width": "12px",
                },
                {
                  "contents": [
                    {
                      "backgroundColor": "#1D292E",
                      "contents": [
                        {
                          "color": "#FFFFFF",
                          "flex": 8,
                          "gravity": "center",
                          "lineSpacing": "5px",
                          "size": "xs",
                          "text": "”神啊！我將我的，___ ， ___ ， ___ 交給祢，我相信祢在這些事上掌權。",
                          "type": "text",
                          "wrap": true,
                        },
                      ],
                      "cornerRadius": "lg",
                      "flex": 8,
                      "layout": "vertical",
                      "paddingBottom": "md",
                      "paddingEnd": "xl",
                      "paddingStart": "xl",
                      "paddingTop": "md",
                      "type": "box",
                    },
                    {
                      "color": "#5D5D5D",
                      "flex": 8,
                      "gravity": "center",
                      "lineSpacing": "10px",
                      "size": "xs",
                      "text": "『我們在天上的父：願人都尊你的名為聖。願你的國降臨；願你的旨意行在地上，如同行在天上。我們日用的飲食，今日賜給我們。免我們的債，如同我們免了人的債。不叫我們陷入試探；救我們脫離那惡者。因為國度、權柄、榮耀，全是你的，直到永遠。阿們！』”",
                      "type": "text",
                      "wrap": true,
                    },
                  ],
                  "flex": 12,
                  "layout": "vertical",
                  "paddingTop": "sm",
                  "spacing": "md",
                  "type": "box",
                },
              ],
              "layout": "horizontal",
              "paddingBottom": "md",
              "paddingTop": "sm",
              "spacing": "lg",
              "type": "box",
            },
          ],
          "cornerRadius": "lg",
          "layout": "vertical",
          "paddingAll": "lg",
          "spacing": "lg",
          "type": "box",
        },
      ],
      "layout": "vertical",
      "paddingBottom": "lg",
      "paddingEnd": "lg",
      "paddingStart": "lg",
      "paddingTop": "sm",
      "type": "box",
    },
    "header": {
      "contents": [
        {
          "backgroundColor": "#FFCC32",
          "contents": [
            {
              "color": "#1D292E",
              "size": "xl",
              "text": "好好靈修 Daily Devotion",
              "type": "text",
              "weight": "bold",
            },
          ],
          "cornerRadius": "lg",
          "layout": "vertical",
          "paddingBottom": "xl",
          "paddingEnd": "lg",
          "paddingStart": "lg",
          "paddingTop": "xl",
          "type": "box",
        },
      ],
      "layout": "vertical",
      "paddingBottom": "sm",
      "paddingEnd": "lg",
      "paddingStart": "lg",
      "paddingTop": "lg",
      "spacing": "md",
      "type": "box",
    },
    "size": "giga",
    "type": "bubble",
  },
  "type": "flex",
}
`;
